{
  "status": "passed",
  "stored_conditions_checked": 255,
  "source_partitions_checked": 1,
  "generator_coverage_checks": 18,
  "neural_student_coverage_checks": 170,
  "checkpoint_reloads": 255,
  "neural_arrays_exact": 170,
  "maximum_neural_reload_difference": 0.0,
  "candidate_manifest": "de2b8f8457042cfe1c1dcd72b4dc7e7d8a3ab0222525287a606ceb4581daaaee",
  "evaluation_manifest": "c14988f3e9cc1ff9be2bd2a64954fe45671ae36c09328ae699df1a3a00de34e4",
  "candidate_files_checked": 1107,
  "evaluation_files_checked": 257,
  "production_modules_imported": false,
  "independent_author": false,
  "limits": [
    "Artifact consistency is not proof of distributional adequacy",
    "Inference reload is not complete retraining",
    "Trees reload through sklearn; neural inference is separately reconstructed",
    "All explicit failed methods remain in the candidate index"
  ]
}
